// Jest Snapshot v1, https://goo.gl/fbAQLP

exports[`Date matches snapshot 1`] = `
<div>
  <p
    class="sc-beqWaB yDHQF"
  >
    <span>
      Date:
    </span>
    <span>
      2/31/2023
    </span>
  </p>
</div>
`;
