// Jest Snapshot v1, https://goo.gl/fbAQLP

exports[`Loading matches snapshot 1`] = `
<div>
  <div
    class="sc-beqWaB bphukn"
  >
    <h3
      class="sc-gueYoa genrlf"
    >
      Loading
    </h3>
  </div>
</div>
`;
